../Core/Src/stm32f1xx_hal_msp.c:64:6:HAL_MspInit	8	static
../Core/Src/stm32f1xx_hal_msp.c:91:6:HAL_ADC_MspInit	40	static
../Core/Src/stm32f1xx_hal_msp.c:149:6:HAL_ADC_MspDeInit	8	static
../Core/Src/stm32f1xx_hal_msp.c:187:6:HAL_I2C_MspInit	32	static
../Core/Src/stm32f1xx_hal_msp.c:222:6:HAL_I2C_MspDeInit	8	static
../Core/Src/stm32f1xx_hal_msp.c:253:6:HAL_RTC_MspInit	16	static
../Core/Src/stm32f1xx_hal_msp.c:282:6:HAL_RTC_MspDeInit	0	static
../Core/Src/stm32f1xx_hal_msp.c:307:6:HAL_SPI_MspInit	32	static
../Core/Src/stm32f1xx_hal_msp.c:351:6:HAL_SPI_MspDeInit	8	static
